// Jest Snapshot v1, https://jestjs.io/docs/snapshot-testing

exports[`TaskList renders tasks and matches snapshot 1`] = `
<DocumentFragment>
  <ul>
    <li>
      <input
        type="checkbox"
      />
      <span>
        test
      </span>
      <div>
        <button
          class="MuiButtonBase-root MuiButton-root MuiButton-contained MuiButton-containedPrimary MuiButton-sizeMedium MuiButton-containedSizeMedium MuiButton-colorPrimary MuiButton-root MuiButton-contained MuiButton-containedPrimary MuiButton-sizeMedium MuiButton-containedSizeMedium MuiButton-colorPrimary css-74d805-MuiButtonBase-root-MuiButton-root"
          tabindex="0"
          type="button"
        >
          Delete
        </button>
      </div>
    </li>
    <li>
      <input
        checked=""
        type="checkbox"
      />
      <span>
        testpro
      </span>
      <div>
        <button
          class="MuiButtonBase-root MuiButton-root MuiButton-contained MuiButton-containedPrimary MuiButton-sizeMedium MuiButton-containedSizeMedium MuiButton-colorPrimary MuiButton-root MuiButton-contained MuiButton-containedPrimary MuiButton-sizeMedium MuiButton-containedSizeMedium MuiButton-colorPrimary css-74d805-MuiButtonBase-root-MuiButton-root"
          tabindex="0"
          type="button"
        >
          Delete
        </button>
      </div>
    </li>
  </ul>
</DocumentFragment>
`;
